// Jest Snapshot v1, https://goo.gl/fbAQLP

exports[`Header is rendered correctly 1`] = `
<Button
  label="Hello world!"
/>
`;
